
  [32m[1mVITE[22m v6.3.5[39m  [2mready in [0m[1m1280[22m[2m[0m ms[22m

  [32m➜[39m  [1mLocal[22m:   [36mhttp://127.0.0.1:[1m5173[22m/[39m
[2m11:11:09[22m [36m[1m[vite][22m[39m [90m[2m(client)[22m[39m [32mpage reload [39m[2msrc/app/POS-BACKEND/api/management/commands/seed_demo.py[22m
[2m11:51:29[22m [36m[1m[vite][22m[39m [90m[2m(client)[22m[39m [32mpage reload [39m[2msrc/app/POS-BACKEND/.env[22m
[2m11:57:41[22m [36m[1m[vite][22m[39m [90m[2m(client)[22m[39m [32mpage reload [39m[2msrc/app/POS-BACKEND/.env[22m
[2m12:16:23[22m [36m[1m[vite][22m[39m [90m[2m(client)[22m[39m [32mhmr update [39m[2m/@fs/C:\Users\hp\Desktop\POS Admin Dashboard UI\src\app\components\QuickActions.tsx, /src/styles/index.css[22m
[2m12:16:36[22m [36m[1m[vite][22m[39m [90m[2m(client)[22m[39m [32mhmr update [39m[2m/src/app/components/pages/Dashboard.tsx, /src/styles/index.css[22m
[2m12:16:47[22m [36m[1m[vite][22m[39m [90m[2m(client)[22m[39m [32mhmr update [39m[2m/src/app/components/pages/ProductsPageEnhanced.tsx, /src/styles/index.css[22m
[2m12:17:00[22m [36m[1m[vite][22m[39m [90m[2m(client)[22m[39m [32mhmr update [39m[2m/src/app/components/pages/CustomersPage.tsx, /src/styles/index.css[22m
[2m12:17:23[22m [36m[1m[vite][22m[39m [90m[2m(client)[22m[39m [32mhmr update [39m[2m/src/app/components/pages/InvoicesPage.tsx, /src/styles/index.css[22m
[2m12:17:48[22m [36m[1m[vite][22m[39m [90m[2m(client)[22m[39m [32mhmr update [39m[2m/src/app/App.tsx, /src/styles/index.css[22m
[2m12:30:07[22m [36m[1m[vite][22m[39m [90m[2m(client)[22m[39m [32mhmr update [39m[2m/src/app/App.tsx, /src/styles/index.css, /src/app/components/auth/LoginPage.tsx[22m
[2m12:30:48[22m [36m[1m[vite][22m[39m [90m[2m(client)[22m[39m [32mhmr update [39m[2m/src/app/components/pages/ProductsPageEnhanced.tsx, /src/styles/index.css[22m
[2m12:31:08[22m [36m[1m[vite][22m[39m [90m[2m(client)[22m[39m [32mhmr update [39m[2m/src/app/App.tsx, /src/styles/index.css[22m
[2m12:31:28[22m [36m[1m[vite][22m[39m [90m[2m(client)[22m[39m [32mhmr update [39m[2m/src/app/App.tsx, /src/styles/index.css[22m
[2m12:32:39[22m [36m[1m[vite][22m[39m [90m[2m(client)[22m[39m [32mpage reload [39m[2msrc/app/POS-BACKEND/products/views.py[22m
[2m12:32:50[22m [36m[1m[vite][22m[39m [90m[2m(client)[22m[39m [32mhmr update [39m[2m/src/app/App.tsx, /src/styles/index.css, /src/app/components/auth/LoginPage.tsx[22m
[2m12:33:07[22m [36m[1m[vite][22m[39m [90m[2m(client)[22m[39m [32mhmr update [39m[2m/src/app/App.tsx, /src/styles/index.css[22m
[2m14:37:54[22m [36m[1m[vite][22m[39m [90m[2m(client)[22m[39m [32mhmr update [39m[2m/src/app/components/auth/LoginPage.tsx, /src/styles/index.css[22m
[2m14:48:35[22m [36m[1m[vite][22m[39m [90m[2m(client)[22m[39m [32mhmr update [39m[2m/src/app/components/pages/POSPageEnhanced.tsx, /src/styles/index.css[22m
[2m14:48:40[22m [36m[1m[vite][22m[39m [90m[2m(client)[22m[39m [33mhmr invalidate [39m[2m/src/app/components/pages/POSPageEnhanced.tsx[22m Could not Fast Refresh ("initialProducts" export is incompatible). Learn more at https://github.com/vitejs/vite-plugin-react/tree/main/packages/plugin-react#consistent-components-exports
[2m14:48:40[22m [36m[1m[vite][22m[39m [90m[2m(client)[22m[39m [32mhmr update [39m[2m/src/app/App.tsx, /src/styles/index.css[22m
[2m14:56:48[22m [36m[1m[vite][22m[39m [90m[2m(client)[22m[39m [32mhmr update [39m[2m/src/app/components/pages/POSPageEnhanced.tsx, /src/styles/index.css[22m
[2m14:56:49[22m [36m[1m[vite][22m[39m [90m[2m(client)[22m[39m [33mhmr invalidate [39m[2m/src/app/components/pages/POSPageEnhanced.tsx[22m Could not Fast Refresh ("initialProducts" export is incompatible). Learn more at https://github.com/vitejs/vite-plugin-react/tree/main/packages/plugin-react#consistent-components-exports
[2m14:56:49[22m [36m[1m[vite][22m[39m [90m[2m(client)[22m[39m [32mhmr update [39m[2m/src/app/App.tsx, /src/styles/index.css[22m
[2m14:56:49[22m [36m[1m[vite][22m[39m [90m[2m(client)[22m[39m [32mhmr update [39m[2m/src/app/components/pages/POSPageEnhanced.tsx, /src/styles/index.css[22m
[2m14:56:49[22m [36m[1m[vite][22m[39m [90m[2m(client)[22m[39m [33mhmr invalidate [39m[2m/src/app/components/pages/POSPageEnhanced.tsx[22m Could not Fast Refresh ("initialProducts" export is incompatible). Learn more at https://github.com/vitejs/vite-plugin-react/tree/main/packages/plugin-react#consistent-components-exports
[2m14:56:49[22m [36m[1m[vite][22m[39m [90m[2m(client)[22m[39m [32mhmr update [39m[2m/src/app/App.tsx, /src/styles/index.css[22m
[2m14:56:54[22m [36m[1m[vite][22m[39m [90m[2m(client)[22m[39m [32mhmr update [39m[2m/src/app/components/pages/POSPageEnhanced.tsx, /src/styles/index.css[22m
[2m14:56:54[22m [36m[1m[vite][22m[39m [90m[2m(client)[22m[39m [33mhmr invalidate [39m[2m/src/app/components/pages/POSPageEnhanced.tsx[22m Could not Fast Refresh ("initialProducts" export is incompatible). Learn more at https://github.com/vitejs/vite-plugin-react/tree/main/packages/plugin-react#consistent-components-exports
[2m14:56:54[22m [36m[1m[vite][22m[39m [90m[2m(client)[22m[39m [32mhmr update [39m[2m/src/app/App.tsx, /src/styles/index.css[22m
[2m15:00:13[22m [36m[1m[vite][22m[39m [90m[2m(client)[22m[39m [32mhmr update [39m[2m/src/app/components/pages/POSPageEnhanced.tsx, /src/styles/index.css[22m
[2m15:00:13[22m [36m[1m[vite][22m[39m [90m[2m(client)[22m[39m [33mhmr invalidate [39m[2m/src/app/components/pages/POSPageEnhanced.tsx[22m Could not Fast Refresh ("initialProducts" export is incompatible). Learn more at https://github.com/vitejs/vite-plugin-react/tree/main/packages/plugin-react#consistent-components-exports
[2m15:00:14[22m [36m[1m[vite][22m[39m [90m[2m(client)[22m[39m [32mhmr update [39m[2m/src/app/App.tsx, /src/styles/index.css[22m
[2m15:02:14[22m [36m[1m[vite][22m[39m [90m[2m(client)[22m[39m [32mhmr update [39m[2m/src/app/components/pages/POSPageEnhanced.tsx, /src/styles/index.css[22m
[2m15:02:14[22m [36m[1m[vite][22m[39m [90m[2m(client)[22m[39m [33mhmr invalidate [39m[2m/src/app/components/pages/POSPageEnhanced.tsx[22m Could not Fast Refresh ("initialProducts" export is incompatible). Learn more at https://github.com/vitejs/vite-plugin-react/tree/main/packages/plugin-react#consistent-components-exports
[2m15:02:14[22m [36m[1m[vite][22m[39m [90m[2m(client)[22m[39m [32mhmr update [39m[2m/src/app/App.tsx, /src/styles/index.css[22m
[2m15:04:10[22m [36m[1m[vite][22m[39m [90m[2m(client)[22m[39m [32mhmr update [39m[2m/src/app/components/pages/POSPageEnhanced.tsx, /src/styles/index.css[22m
[2m15:04:11[22m [36m[1m[vite][22m[39m [90m[2m(client)[22m[39m [33mhmr invalidate [39m[2m/src/app/components/pages/POSPageEnhanced.tsx[22m Could not Fast Refresh ("initialProducts" export is incompatible). Learn more at https://github.com/vitejs/vite-plugin-react/tree/main/packages/plugin-react#consistent-components-exports
[2m15:04:11[22m [36m[1m[vite][22m[39m [90m[2m(client)[22m[39m [32mhmr update [39m[2m/src/app/App.tsx, /src/styles/index.css[22m
[2m15:24:29[22m [36m[1m[vite][22m[39m [90m[2m(client)[22m[39m [32mhmr update [39m[2m/src/app/components/pages/ProductsPageEnhanced.tsx, /src/styles/index.css[22m
[2m15:25:45[22m [36m[1m[vite][22m[39m [90m[2m(client)[22m[39m [32mhmr update [39m[2m/src/app/components/Sidebar.tsx, /src/styles/index.css[22m
[2m15:26:18[22m [36m[1m[vite][22m[39m [90m[2m(client)[22m[39m [32mhmr update [39m[2m/src/app/components/pages/InventoryPage.tsx, /src/styles/index.css[22m
[2m15:26:59[22m [36m[1m[vite][22m[39m [90m[2m(client)[22m[39m [32mhmr update [39m[2m/src/app/components/pages/InventoryPage.tsx, /src/styles/index.css[22m
[2m15:27:43[22m [36m[1m[vite][22m[39m [90m[2m(client)[22m[39m [32mhmr update [39m[2m/src/app/App.tsx, /src/styles/index.css[22m
[2m15:27:55[22m [36m[1m[vite][22m[39m [90m[2m(client)[22m[39m [32mhmr update [39m[2m/src/app/App.tsx, /src/styles/index.css[22m
[2m15:40:47[22m [36m[1m[vite][22m[39m [90m[2m(client)[22m[39m [32mhmr update [39m[2m/src/app/components/pages/SettingsPage.tsx, /src/styles/index.css[22m
[2m15:46:14[22m [36m[1m[vite][22m[39m [90m[2m(client)[22m[39m [32mhmr update [39m[2m/src/app/App.tsx, /src/styles/index.css, /src/app/components/auth/LoginPage.tsx[22m
[2m15:47:02[22m [36m[1m[vite][22m[39m [90m[2m(client)[22m[39m [32mhmr update [39m[2m/@fs/C:\Users\hp\Desktop\POS Admin Dashboard UI\src\app\components\MultiPaymentHandler.tsx, /src/styles/index.css[22m
[2m15:47:17[22m [36m[1m[vite][22m[39m [90m[2m(client)[22m[39m [32mhmr update [39m[2m/src/app/components/pages/POSPageEnhanced.tsx, /src/styles/index.css[22m
[2m15:47:19[22m [36m[1m[vite][22m[39m [90m[2m(client)[22m[39m [33mhmr invalidate [39m[2m/src/app/components/pages/POSPageEnhanced.tsx[22m Could not Fast Refresh ("initialProducts" export is incompatible). Learn more at https://github.com/vitejs/vite-plugin-react/tree/main/packages/plugin-react#consistent-components-exports
[2m15:47:19[22m [36m[1m[vite][22m[39m [90m[2m(client)[22m[39m [32mhmr update [39m[2m/src/app/App.tsx, /src/styles/index.css[22m
[2m15:47:26[22m [36m[1m[vite][22m[39m [90m[2m(client)[22m[39m [32mpage reload [39m[2msrc/app/types/auth.ts[22m
[2m16:02:43[22m [36m[1m[vite][22m[39m [90m[2m(client)[22m[39m [32mhmr update [39m[2m/src/app/App.tsx, /src/styles/index.css, /src/app/components/auth/LoginPage.tsx, /@fs/C:\Users\hp\Desktop\POS Admin Dashboard UI\src\app\components\MultiPaymentHandler.tsx[22m
[2m16:03:20[22m [36m[1m[vite][22m[39m [90m[2m(client)[22m[39m [32mhmr update [39m[2m/src/app/components/pages/InventoryPage.tsx, /src/styles/index.css[22m
[2m16:03:38[22m [36m[1m[vite][22m[39m [90m[2m(client)[22m[39m [32mhmr update [39m[2m/src/app/App.tsx, /src/styles/index.css[22m
